// Jest Snapshot v1, https://goo.gl/fbAQLP

exports[`ResetPasswordScreen should match snapshot 1`] = `
<FullScreenTemplate
  narrow={true}
  padded={true}
>
  <StyledText
    style={
      Object {
        "color": "#9B9B9B",
        "fontFamily": "Rubik-Regular",
        "fontSize": 14,
        "letterSpacing": 0.5,
        "marginVertical": 8,
        "textAlign": "center",
      }
    }
  >
    Provide you email in the field below. We will send you link to reset your password.
  </StyledText>
  <StyledText
    style={
      Object {
        "color": "#9B9B9B",
        "fontFamily": "Rubik-Regular",
        "fontSize": 14,
        "letterSpacing": 0.5,
        "marginVertical": 8,
        "textAlign": "center",
      }
    }
  >
    After setting up new password, sign in with newly set password at the login screen.
  </StyledText>
  <ResetPasswordForm />
</FullScreenTemplate>
`;
