// Jest Snapshot v1, https://goo.gl/fbAQLP

exports[`ResetPasswordScreen should match snapshot 1`] = `
<Fragment>
  <FullScreenTemplate
    extraStyles={
      Object {
        "backgroundColor": "#F0F0FD",
        "paddingVertical": 85,
      }
    }
    narrow={true}
    padded={true}
  >
    <StyledText
      style={
        Object {
          "color": "#9B9B9B",
          "fontFamily": "Rubik-Regular",
          "fontSize": 14,
          "letterSpacing": 0,
          "paddingHorizontal": 50,
        }
      }
    >
      Provide you email in the field below. We will send you link to reset your password.
    </StyledText>
    <ResetPasswordForm />
  </FullScreenTemplate>
  <ResetPasswordBackground />
</Fragment>
`;
