// Jest Snapshot v1, https://goo.gl/fbAQLP

exports[`SignUpForm should match snapshot 1`] = `
<View
  style={
    Object {
      "alignSelf": "center",
      "width": 272,
    }
  }
>
  <InputItem
    autoCapitalize="none"
    blurOnSubmit={true}
    keyboardType="email-address"
    placeholder="Your Name"
    style={
      Object {
        "backgroundColor": "#FFFFFF",
        "borderRadius": 12,
        "height": 44,
      }
    }
    styleContainer={
      Object {
        "borderWidth": 0,
        "marginBottom": 12,
      }
    }
    textContentType="name"
  />
  <LoadImageButton
    openPicker={[Function]}
  />
  <InputItem
    autoCapitalize="none"
    blurOnSubmit={true}
    error=""
    keyboardType="email-address"
    placeholder="Email address"
    style={
      Object {
        "backgroundColor": "#FFFFFF",
        "borderRadius": 12,
        "height": 44,
      }
    }
    styleContainer={
      Object {
        "borderWidth": 0,
        "marginBottom": 12,
      }
    }
    textContentType="emailAddress"
    touched={true}
    value="email@domain.com"
  />
  <InputItem
    blurOnSubmit={true}
    error=""
    placeholder="Password"
    secureTextEntry={true}
    style={
      Object {
        "backgroundColor": "#FFFFFF",
        "borderRadius": 12,
        "height": 44,
      }
    }
    styleContainer={
      Object {
        "borderWidth": 0,
        "marginBottom": 12,
      }
    }
    textContentType="password"
    touched={true}
    value="topsecretpassword"
  />
  <Button
    backgroundColor="#6654EB"
    buttonStyle={
      Object {
        "borderRadius": 12,
        "height": 44,
      }
    }
    containerStyle={
      Object {
        "marginBottom": 20,
        "marginTop": 8,
      }
    }
    onPress={[MockFunction]}
    title="Sign up"
  />
</View>
`;
