// Jest Snapshot v1, https://goo.gl/fbAQLP

exports[`ContentListScreen should match snapshot 1`] = `
<FullScreenTemplate>
  <FastImage
    resizeMode="cover"
    source={
      Object {
        "priority": "normal",
        "uri": "https://unsplash.it/400/700?image=2",
      }
    }
    style={
      Object {
        "height": "100%",
      }
    }
  />
</FullScreenTemplate>
`;
