// Jest Snapshot v1, https://goo.gl/fbAQLP

exports[`SignInForm should match snapshot 1`] = `
<View>
  <InputItem
    autoCapitalize="none"
    blurOnSubmit={true}
    error=""
    keyboardType="email-address"
    placeholder="Email address"
    style={
      Object {
        "backgroundColor": "#FFFFFF",
        "borderRadius": 12,
        "height": 44,
      }
    }
    styleContainer={
      Object {
        "borderWidth": 0,
        "marginBottom": 12,
      }
    }
    textContentType="emailAddress"
    touched={false}
    value="email@domain.com"
  />
  <InputItem
    blurOnSubmit={true}
    error=""
    placeholder="Password"
    secureTextEntry={true}
    style={
      Object {
        "backgroundColor": "#FFFFFF",
        "borderRadius": 12,
        "height": 44,
      }
    }
    styleContainer={
      Object {
        "borderWidth": 0,
        "marginBottom": 12,
      }
    }
    textContentType="password"
    touched={false}
    value="topsecretpassword"
  />
  <FlatButton
    buttonStyle={
      Object {
        "height": 36,
        "justifyContent": "flex-end",
      }
    }
    containerStyle={
      Object {
        "alignSelf": "center",
        "top": -8,
      }
    }
    title="forgot password?"
    titleStyle={
      Object {
        "fontFamily": "Rubik-Medium",
        "fontSize": 12,
        "letterSpacing": 0,
      }
    }
  />
  <Button
    backgroundColor="#6654EB"
    buttonStyle={
      Object {
        "borderRadius": 12,
        "height": 44,
      }
    }
    containerStyle={
      Object {
        "borderRadius": 12,
        "height": 44,
      }
    }
    onPress={[MockFunction]}
    title="Sign In"
  />
</View>
`;
