// Jest Snapshot v1, https://goo.gl/fbAQLP

exports[`FullScreenTemplate should match snapshot 1`] = `
<SafeAreaView
  style={
    Array [
      Object {
        "paddingHorizontal": 12,
        "paddingVertical": 16,
      },
      undefined,
    ]
  }
>
  <View
    style={
      Array [
        undefined,
      ]
    }
  >
    <Text>
      Child text
    </Text>
  </View>
</SafeAreaView>
`;
