// Jest Snapshot v1, https://goo.gl/fbAQLP

exports[`FullScreenTemplate should match snapshot 1`] = `
<SafeAreaView
  style={
    Array [
      Object {
        "backgroundColor": "#FFFFFF",
        "flex": 1,
      },
      undefined,
      undefined,
    ]
  }
>
  <ScrollViewMock
    contentContainerStyle={
      Array [
        Object {
          "flexGrow": 1,
        },
        Object {
          "paddingHorizontal": 12,
          "paddingVertical": 16,
        },
        undefined,
      ]
    }
  >
    <View
      style={
        Array [
          Object {
            "flexGrow": 1,
          },
          undefined,
        ]
      }
    >
      <Text>
        Child text
      </Text>
    </View>
  </ScrollViewMock>
</SafeAreaView>
`;
