// Jest Snapshot v1, https://goo.gl/fbAQLP

exports[`PlanFormControls renders correctly 1`] = `
<View
  style={
    Object {
      "alignItems": "center",
      "borderBottomColor": "#F5F5FF",
      "borderBottomWidth": 1,
      "flexDirection": "row",
      "height": 56,
      "justifyContent": "space-between",
      "paddingLeft": 32,
      "paddingRight": 24,
    }
  }
>
  <View
    style={
      Object {
        "alignItems": "center",
        "flexDirection": "row",
        "maxWidth": "40%",
      }
    }
  >
    <Icon
      color="#C8CBFA"
      name="emoticon"
      size={24}
    />
    <TextInput
      onEndEditing={[MockFunction]}
      placeholder="Type plan name"
      style={
        Object {
          "marginLeft": 12,
        }
      }
      value="Music"
    />
  </View>
  <View
    style={
      Object {
        "alignItems": "center",
        "flexDirection": "row",
      }
    }
  >
    <Component
      disabled={true}
    />
    <Component
      disabled={true}
      size={50}
    />
  </View>
</View>
`;
