// Jest Snapshot v1, https://goo.gl/fbAQLP

exports[`PlanFormControls renders correctly 1`] = `
<View
  style={
    Object {
      "alignItems": "center",
      "backgroundColor": "#FFFFFF",
      "elevation": 5,
      "flexDirection": "row",
      "height": 56,
      "justifyContent": "space-between",
      "paddingLeft": 32,
      "paddingRight": 24,
      "shadowColor": "rgba(0, 0, 0, 0.7)",
      "shadowOffset": Object {
        "height": 2,
        "width": 0,
      },
      "shadowOpacity": 0.22000000000000003,
      "shadowRadius": 3.5,
    }
  }
>
  <View
    style={
      Object {
        "alignItems": "center",
        "flexDirection": "row",
        "maxWidth": "40%",
      }
    }
  >
    <Icon
      color="#C8CBFA"
      name="emoticon"
      size={24}
    />
    <Component
      disabled={false}
      onEndEditing={[MockFunction]}
      value="Music"
    />
  </View>
  <View
    style={
      Object {
        "alignItems": "center",
        "flexDirection": "row",
      }
    }
  >
    <Component
      disabled={false}
    />
    <Component
      disabled={true}
      size={50}
    />
  </View>
</View>
`;
