// Jest Snapshot v1, https://goo.gl/fbAQLP

exports[`PlanInput renders correctly 1`] = `
<View
  style={
    Object {
      "alignItems": "center",
      "flexDirection": "row",
      "maxWidth": "40%",
    }
  }
>
  <Icon
    color="#C8CBFA"
    name="emoticon"
    size={24}
  />
  <TextInput
    onBlur={[Function]}
    onChangeText={[Function]}
    placeholder="Type plan name"
    style={
      Object {
        "marginLeft": 8,
      }
    }
    value=""
  />
</View>
`;
