// Jest Snapshot v1, https://goo.gl/fbAQLP

exports[`PlanActivityScreen renders correctly 1`] = `
<FullScreenTemplate
  darkBackground={true}
>
  <View
    style={
      Object {
        "alignItems": "center",
        "backgroundColor": "#FFFFFF",
        "elevation": 5,
        "flexDirection": "row",
        "height": 56,
        "justifyContent": "space-between",
        "paddingLeft": 32,
        "paddingRight": 24,
        "shadowColor": "rgba(0, 0, 0, 0.7)",
        "shadowOffset": Object {
          "height": 2,
          "width": 0,
        },
        "shadowOpacity": 0.22000000000000003,
        "shadowRadius": 3.5,
      }
    }
  >
    <Component />
    <TaskButtons />
  </View>
</FullScreenTemplate>
`;
