// Jest Snapshot v1, https://goo.gl/fbAQLP

exports[`PlanActivityScreen renders correctly 1`] = `
<FullScreenTemplate
  darkBackground={true}
>
  <View
    style={
      Object {
        "backgroundColor": "#FFFFFF",
        "elevation": 5,
        "shadowColor": "rgba(0, 0, 0, 0.7)",
        "shadowOffset": Object {
          "height": 2,
          "width": 0,
        },
        "shadowOpacity": 0.22000000000000003,
        "shadowRadius": 3.5,
      }
    }
  >
    <Component
      onSubmit={[Function]}
      plan="plan"
    />
  </View>
  <Component
    rowList={Array []}
  />
  <FloatingAction
    actions={
      Array [
        Object {
          "icon": <Icon
            color="#FE9DCA"
            name="add"
            size={32}
            type="material"
          />,
          "name": "create-plan",
        },
      ]
    }
    actionsPaddingTopBottom={8}
    animated={true}
    buttonSize={56}
    color="#1253bc"
    dismissKeyboardOnPress={false}
    distanceToEdge={30}
    iconColor="#fff"
    iconHeight={15}
    iconWidth={15}
    listenKeyboard={false}
    mainVerticalDistance={0}
    onPressItem={[Function]}
    openOnMount={false}
    overlayColor="rgba(68, 68, 68, 0.6)"
    overrideWithAction={true}
    position="right"
    shadow={Object {}}
    showBackground={true}
    visible={true}
  />
  <FixedCreatePlanSubItemButton
    onPress={[Function]}
  />
</FullScreenTemplate>
`;
