// Jest Snapshot v1, https://goo.gl/fbAQLP

exports[`PlanFormControls renders correctly 1`] = `
<Formik
  enableReinitialize={false}
  initialValues={
    Object {
      "planInput": "",
    }
  }
  isInitialValid={false}
  onSubmit={[Function]}
  render={[Function]}
  validateOnBlur={true}
  validateOnChange={true}
/>
`;
