// Jest Snapshot v1, https://goo.gl/fbAQLP

exports[`TaskButtons renders correctly 1`] = `
<View
  style={
    Object {
      "alignItems": "center",
      "flexDirection": "row",
    }
  }
>
  <FlatButton
    buttonStyle={
      Object {
        "marginRight": 20,
      }
    }
    icon={
      Object {
        "color": "#9B9B9B",
        "name": "shuffle",
        "size": 22,
        "type": "material-community-icons",
      }
    }
    title="Shuffle tasks"
    titleStyle={
      Object {
        "color": "#9B9B9B",
        "textTransform": "uppercase",
      }
    }
  />
  <IconButton
    color="#9B9B9B"
    name="play"
    size={36}
    type="antdesign"
  />
</View>
`;
