// Jest Snapshot v1, https://goo.gl/fbAQLP

exports[`TaskTable renders correctly 1`] = `
<FullScreenTemplate
  darkBackground={true}
  extraStyles={
    Object {
      "marginTop": 10,
    }
  }
>
  <ReactNativeDraggableFlatlist
    data={
      Array [
        Object {
          "changeType": [Function],
          "complete": [Function],
          "delete": [Function],
          "getChildCollectionRef": [Function],
          "getChildType": [Function],
          "getIconName": [Function],
          "getRef": [Function],
          "isSimpleTask": [Function],
          "isTask": [Function],
          "key": undefined,
          "label": undefined,
          "setComplete": [Function],
          "setOrder": [Function],
          "update": [Function],
        },
      ]
    }
    keyExtractor={[Function]}
    onDragEnd={[MockFunction]}
    renderItem={[Function]}
  />
</FullScreenTemplate>
`;
