// Jest Snapshot v1, https://goo.gl/fbAQLP

exports[`TaskTable renders correctly 1`] = `
<FullScreenTemplate
  darkBackground={true}
>
  <View
    style={
      Object {
        "alignItems": "center",
        "backgroundColor": "#FFFFFF",
        "borderBottomLeftRadius": 16,
        "borderBottomRightRadius": 16,
        "justifyContent": "center",
        "marginHorizontal": "7%",
      }
    }
  >
    <Component
      border={false}
      key="0"
      rowNumber={2}
    />
  </View>
</FullScreenTemplate>
`;
